.\venv\Scripts\python
 : Creating test 
database for alias 
'default'...
At line:1 char:1
+ .\venv\Scripts\pyth
on manage.py test 
users masters 
transactions > tes 
...
+ ~~~~~~~~~~~~~~~~~~~
~~~~~~~~~~~~~~~~~~~~~
~~~~~~~~~~~~~~~~~~~~~
~~~~~~~~
    + CategoryInfo   
           : NotSpe  
  cified: (Creatin   
 g test d...as 'd    
efault'...:Strin    
g) [], RemoteExc    
eption
    + FullyQualified 
   ErrorId : Native  
  CommandError
 

System check identified no issues (0 silenced).
..EEEE...
=====================
=====================
=====================
=======
ERROR: test_cost_cent
er_crud (masters.test
s.MastersTests)
---------------------
---------------------
---------------------
-------
Traceback (most 
recent call last):
  File "D:\Projects\P
ersonal\accounting_ba
ckend\venv\lib\site-p
ackages\django\db\bac
kends\utils.py", 
line 84, in _execute
    return self.curso
r.execute(sql, 
params)
  File "D:\Projects\P
ersonal\accounting_ba
ckend\venv\lib\site-p
ackages\django\db\bac
kends\sqlite3\base.py
", line 423, in 
execute
    return Database.C
ursor.execute(self, 
query, params)
sqlite3.IntegrityErro
r: NOT NULL 
constraint failed: ma
sters_costcenter.orga
nization_id

The above exception 
was the direct cause 
of the following 
exception:

Traceback (most 
recent call last):
  File "D:\Projects\P
ersonal\accounting_ba
ckend\masters\tests.p
y", line 52, in 
test_cost_center_crud
    response = self.c
lient.post('/api/v1/m
asters/cost-centers/'
, payload)
  File "D:\Projects\P
ersonal\accounting_ba
ckend\venv\lib\site-p
ackages\rest_framewor
k\test.py", line 
297, in post
    path, data=data, 
format=format, conten
t_type=content_type, 
**extra)
  File "D:\Projects\P
ersonal\accounting_ba
ckend\venv\lib\site-p
ackages\rest_framewor
k\test.py", line 
210, in post
    return 
self.generic('POST', 
path, data, 
content_type, 
**extra)
  File "D:\Projects\P
ersonal\accounting_ba
ckend\venv\lib\site-p
ackages\rest_framewor
k\test.py", line 
235, in generic
    method, path, 
data, content_type, 
secure, **extra)
  File "D:\Projects\P
ersonal\accounting_ba
ckend\venv\lib\site-p
ackages\django\test\c
lient.py", line 473, 
in generic
    return 
self.request(**r)
  File "D:\Projects\P
ersonal\accounting_ba
ckend\venv\lib\site-p
ackages\rest_framewor
k\test.py", line 
286, in request
    return super().re
quest(**kwargs)
  File "D:\Projects\P
ersonal\accounting_ba
ckend\venv\lib\site-p
ackages\rest_framewor
k\test.py", line 
238, in request
    request = super()
.request(**kwargs)
  File "D:\Projects\P
ersonal\accounting_ba
ckend\venv\lib\site-p
ackages\django\test\c
lient.py", line 719, 
in request
    self.check_except
ion(response)
  File "D:\Projects\P
ersonal\accounting_ba
ckend\venv\lib\site-p
ackages\django\test\c
lient.py", line 580, 
in check_exception
    raise exc_value
  File "D:\Projects\P
ersonal\accounting_ba
ckend\venv\lib\site-p
ackages\django\core\h
andlers\exception.py"
, line 47, in inner
    response = 
get_response(request)
  File "D:\Projects\P
ersonal\accounting_ba
ckend\venv\lib\site-p
ackages\django\core\h
andlers\base.py", 
line 181, in 
_get_response
    response = wrappe
d_callback(request, 
*callback_args, 
**callback_kwargs)
  File "D:\Projects\P
ersonal\accounting_ba
ckend\venv\lib\site-p
ackages\django\views\
decorators\csrf.py", 
line 54, in 
wrapped_view
    return 
view_func(*args, 
**kwargs)
  File "D:\Projects\P
ersonal\accounting_ba
ckend\venv\lib\site-p
ackages\rest_framewor
k\viewsets.py", line 
124, in view
    return self.dispa
tch(request, *args, 
**kwargs)
  File "D:\Projects\P
ersonal\accounting_ba
ckend\venv\lib\site-p
ackages\rest_framewor
k\views.py", line 
509, in dispatch
    response = self.h
andle_exception(exc)
  File "D:\Projects\P
ersonal\accounting_ba
ckend\venv\lib\site-p
ackages\rest_framewor
k\views.py", line 
469, in 
handle_exception
    self.raise_uncaug
ht_exception(exc)
  File "D:\Projects\P
ersonal\accounting_ba
ckend\venv\lib\site-p
ackages\rest_framewor
k\views.py", line 
480, in raise_uncaugh
t_exception
    raise exc
  File "D:\Projects\P
ersonal\accounting_ba
ckend\venv\lib\site-p
ackages\rest_framewor
k\views.py", line 
506, in dispatch
    response = 
handler(request, 
*args, **kwargs)
  File "D:\Projects\P
ersonal\accounting_ba
ckend\venv\lib\site-p
ackages\rest_framewor
k\mixins.py", line 
19, in create
    self.perform_crea
te(serializer)
  File "D:\Projects\P
ersonal\accounting_ba
ckend\masters\api\v1\
views.py", line 24, 
in perform_create
    
serializer.save() # 
Serializer 
validation handles 
checking if user 
belongs to org
  File "D:\Projects\P
ersonal\accounting_ba
ckend\venv\lib\site-p
ackages\rest_framewor
k\serializers.py", 
line 208, in save
    self.instance = s
elf.create(validated_
data)
  File "D:\Projects\P
ersonal\accounting_ba
ckend\venv\lib\site-p
ackages\rest_framewor
k\serializers.py", 
line 989, in create
    instance = ModelC
lass._default_manager
.create(**validated_d
ata)
  File "D:\Projects\P
ersonal\accounting_ba
ckend\venv\lib\site-p
ackages\django\db\mod
els\manager.py", 
line 85, in 
manager_method
    return getattr(se
lf.get_queryset(), 
name)(*args, 
**kwargs)
  File "D:\Projects\P
ersonal\accounting_ba
ckend\venv\lib\site-p
ackages\django\db\mod
els\query.py", line 
453, in create
    obj.save(force_in
sert=True, 
using=self.db)
  File "D:\Projects\P
ersonal\accounting_ba
ckend\venv\lib\site-p
ackages\django\db\mod
els\base.py", line 
740, in save
    force_update=forc
e_update, update_fiel
ds=update_fields)
  File "D:\Projects\P
ersonal\accounting_ba
ckend\venv\lib\site-p
ackages\django\db\mod
els\base.py", line 
778, in save_base
    force_update, 
using, update_fields,
  File "D:\Projects\P
ersonal\accounting_ba
ckend\venv\lib\site-p
ackages\django\db\mod
els\base.py", line 
881, in _save_table
    results = self._d
o_insert(cls._base_ma
nager, using, 
fields, 
returning_fields, 
raw)
  File "D:\Projects\P
ersonal\accounting_ba
ckend\venv\lib\site-p
ackages\django\db\mod
els\base.py", line 
921, in _do_insert
    using=using, 
raw=raw,
  File "D:\Projects\P
ersonal\accounting_ba
ckend\venv\lib\site-p
ackages\django\db\mod
els\manager.py", 
line 85, in 
manager_method
    return getattr(se
lf.get_queryset(), 
name)(*args, 
**kwargs)
  File "D:\Projects\P
ersonal\accounting_ba
ckend\venv\lib\site-p
ackages\django\db\mod
els\query.py", line 
1270, in _insert
    return query.get_
compiler(using=using)
.execute_sql(returnin
g_fields)
  File "D:\Projects\P
ersonal\accounting_ba
ckend\venv\lib\site-p
ackages\django\db\mod
els\sql\compiler.py",
 line 1416, in 
execute_sql
    
cursor.execute(sql, 
params)
  File "D:\Projects\P
ersonal\accounting_ba
ckend\venv\lib\site-p
ackages\django\db\bac
kends\utils.py", 
line 66, in execute
    return self._exec
ute_with_wrappers(sql
, params, 
many=False, executor=
self._execute)
  File "D:\Projects\P
ersonal\accounting_ba
ckend\venv\lib\site-p
ackages\django\db\bac
kends\utils.py", 
line 75, in _execute_
with_wrappers
    return 
executor(sql, 
params, many, 
context)
  File "D:\Projects\P
ersonal\accounting_ba
ckend\venv\lib\site-p
ackages\django\db\bac
kends\utils.py", 
line 84, in _execute
    return self.curso
r.execute(sql, 
params)
  File "D:\Projects\P
ersonal\accounting_ba
ckend\venv\lib\site-p
ackages\django\db\uti
ls.py", line 90, in 
__exit__
    raise dj_exc_valu
e.with_traceback(trac
eback) from exc_value
  File "D:\Projects\P
ersonal\accounting_ba
ckend\venv\lib\site-p
ackages\django\db\bac
kends\utils.py", 
line 84, in _execute
    return self.curso
r.execute(sql, 
params)
  File "D:\Projects\P
ersonal\accounting_ba
ckend\venv\lib\site-p
ackages\django\db\bac
kends\sqlite3\base.py
", line 423, in 
execute
    return Database.C
ursor.execute(self, 
query, params)
django.db.utils.Integ
rityError: NOT NULL 
constraint failed: ma
sters_costcenter.orga
nization_id

=====================
=====================
=====================
=======
ERROR: 
test_item_crud (maste
rs.tests.MastersTests
)
---------------------
---------------------
---------------------
-------
Traceback (most 
recent call last):
  File "D:\Projects\P
ersonal\accounting_ba
ckend\venv\lib\site-p
ackages\django\db\bac
kends\utils.py", 
line 84, in _execute
    return self.curso
r.execute(sql, 
params)
  File "D:\Projects\P
ersonal\accounting_ba
ckend\venv\lib\site-p
ackages\django\db\bac
kends\sqlite3\base.py
", line 423, in 
execute
    return Database.C
ursor.execute(self, 
query, params)
sqlite3.IntegrityErro
r: NOT NULL 
constraint failed: ma
sters_item.organizati
on_id

The above exception 
was the direct cause 
of the following 
exception:

Traceback (most 
recent call last):
  File "D:\Projects\P
ersonal\accounting_ba
ckend\masters\tests.p
y", line 63, in 
test_item_crud
    response = self.c
lient.post('/api/v1/m
asters/items/', 
payload)
  File "D:\Projects\P
ersonal\accounting_ba
ckend\venv\lib\site-p
ackages\rest_framewor
k\test.py", line 
297, in post
    path, data=data, 
format=format, conten
t_type=content_type, 
**extra)
  File "D:\Projects\P
ersonal\accounting_ba
ckend\venv\lib\site-p
ackages\rest_framewor
k\test.py", line 
210, in post
    return 
self.generic('POST', 
path, data, 
content_type, 
**extra)
  File "D:\Projects\P
ersonal\accounting_ba
ckend\venv\lib\site-p
ackages\rest_framewor
k\test.py", line 
235, in generic
    method, path, 
data, content_type, 
secure, **extra)
  File "D:\Projects\P
ersonal\accounting_ba
ckend\venv\lib\site-p
ackages\django\test\c
lient.py", line 473, 
in generic
    return 
self.request(**r)
  File "D:\Projects\P
ersonal\accounting_ba
ckend\venv\lib\site-p
ackages\rest_framewor
k\test.py", line 
286, in request
    return super().re
quest(**kwargs)
  File "D:\Projects\P
ersonal\accounting_ba
ckend\venv\lib\site-p
ackages\rest_framewor
k\test.py", line 
238, in request
    request = super()
.request(**kwargs)
  File "D:\Projects\P
ersonal\accounting_ba
ckend\venv\lib\site-p
ackages\django\test\c
lient.py", line 719, 
in request
    self.check_except
ion(response)
  File "D:\Projects\P
ersonal\accounting_ba
ckend\venv\lib\site-p
ackages\django\test\c
lient.py", line 580, 
in check_exception
    raise exc_value
  File "D:\Projects\P
ersonal\accounting_ba
ckend\venv\lib\site-p
ackages\django\core\h
andlers\exception.py"
, line 47, in inner
    response = 
get_response(request)
  File "D:\Projects\P
ersonal\accounting_ba
ckend\venv\lib\site-p
ackages\django\core\h
andlers\base.py", 
line 181, in 
_get_response
    response = wrappe
d_callback(request, 
*callback_args, 
**callback_kwargs)
  File "D:\Projects\P
ersonal\accounting_ba
ckend\venv\lib\site-p
ackages\django\views\
decorators\csrf.py", 
line 54, in 
wrapped_view
    return 
view_func(*args, 
**kwargs)
  File "D:\Projects\P
ersonal\accounting_ba
ckend\venv\lib\site-p
ackages\rest_framewor
k\viewsets.py", line 
124, in view
    return self.dispa
tch(request, *args, 
**kwargs)
  File "D:\Projects\P
ersonal\accounting_ba
ckend\venv\lib\site-p
ackages\rest_framewor
k\views.py", line 
509, in dispatch
    response = self.h
andle_exception(exc)
  File "D:\Projects\P
ersonal\accounting_ba
ckend\venv\lib\site-p
ackages\rest_framewor
k\views.py", line 
469, in 
handle_exception
    self.raise_uncaug
ht_exception(exc)
  File "D:\Projects\P
ersonal\accounting_ba
ckend\venv\lib\site-p
ackages\rest_framewor
k\views.py", line 
480, in raise_uncaugh
t_exception
    raise exc
  File "D:\Projects\P
ersonal\accounting_ba
ckend\venv\lib\site-p
ackages\rest_framewor
k\views.py", line 
506, in dispatch
    response = 
handler(request, 
*args, **kwargs)
  File "D:\Projects\P
ersonal\accounting_ba
ckend\venv\lib\site-p
ackages\rest_framewor
k\mixins.py", line 
19, in create
    self.perform_crea
te(serializer)
  File "D:\Projects\P
ersonal\accounting_ba
ckend\masters\api\v1\
views.py", line 24, 
in perform_create
    
serializer.save() # 
Serializer 
validation handles 
checking if user 
belongs to org
  File "D:\Projects\P
ersonal\accounting_ba
ckend\venv\lib\site-p
ackages\rest_framewor
k\serializers.py", 
line 208, in save
    self.instance = s
elf.create(validated_
data)
  File "D:\Projects\P
ersonal\accounting_ba
ckend\venv\lib\site-p
ackages\rest_framewor
k\serializers.py", 
line 989, in create
    instance = ModelC
lass._default_manager
.create(**validated_d
ata)
  File "D:\Projects\P
ersonal\accounting_ba
ckend\venv\lib\site-p
ackages\django\db\mod
els\manager.py", 
line 85, in 
manager_method
    return getattr(se
lf.get_queryset(), 
name)(*args, 
**kwargs)
  File "D:\Projects\P
ersonal\accounting_ba
ckend\venv\lib\site-p
ackages\django\db\mod
els\query.py", line 
453, in create
    obj.save(force_in
sert=True, 
using=self.db)
  File "D:\Projects\P
ersonal\accounting_ba
ckend\venv\lib\site-p
ackages\django\db\mod
els\base.py", line 
740, in save
    force_update=forc
e_update, update_fiel
ds=update_fields)
  File "D:\Projects\P
ersonal\accounting_ba
ckend\venv\lib\site-p
ackages\django\db\mod
els\base.py", line 
778, in save_base
    force_update, 
using, update_fields,
  File "D:\Projects\P
ersonal\accounting_ba
ckend\venv\lib\site-p
ackages\django\db\mod
els\base.py", line 
881, in _save_table
    results = self._d
o_insert(cls._base_ma
nager, using, 
fields, 
returning_fields, 
raw)
  File "D:\Projects\P
ersonal\accounting_ba
ckend\venv\lib\site-p
ackages\django\db\mod
els\base.py", line 
921, in _do_insert
    using=using, 
raw=raw,
  File "D:\Projects\P
ersonal\accounting_ba
ckend\venv\lib\site-p
ackages\django\db\mod
els\manager.py", 
line 85, in 
manager_method
    return getattr(se
lf.get_queryset(), 
name)(*args, 
**kwargs)
  File "D:\Projects\P
ersonal\accounting_ba
ckend\venv\lib\site-p
ackages\django\db\mod
els\query.py", line 
1270, in _insert
    return query.get_
compiler(using=using)
.execute_sql(returnin
g_fields)
  File "D:\Projects\P
ersonal\accounting_ba
ckend\venv\lib\site-p
ackages\django\db\mod
els\sql\compiler.py",
 line 1416, in 
execute_sql
    
cursor.execute(sql, 
params)
  File "D:\Projects\P
ersonal\accounting_ba
ckend\venv\lib\site-p
ackages\django\db\bac
kends\utils.py", 
line 66, in execute
    return self._exec
ute_with_wrappers(sql
, params, 
many=False, executor=
self._execute)
  File "D:\Projects\P
ersonal\accounting_ba
ckend\venv\lib\site-p
ackages\django\db\bac
kends\utils.py", 
line 75, in _execute_
with_wrappers
    return 
executor(sql, 
params, many, 
context)
  File "D:\Projects\P
ersonal\accounting_ba
ckend\venv\lib\site-p
ackages\django\db\bac
kends\utils.py", 
line 84, in _execute
    return self.curso
r.execute(sql, 
params)
  File "D:\Projects\P
ersonal\accounting_ba
ckend\venv\lib\site-p
ackages\django\db\uti
ls.py", line 90, in 
__exit__
    raise dj_exc_valu
e.with_traceback(trac
eback) from exc_value
  File "D:\Projects\P
ersonal\accounting_ba
ckend\venv\lib\site-p
ackages\django\db\bac
kends\utils.py", 
line 84, in _execute
    return self.curso
r.execute(sql, 
params)
  File "D:\Projects\P
ersonal\accounting_ba
ckend\venv\lib\site-p
ackages\django\db\bac
kends\sqlite3\base.py
", line 423, in 
execute
    return Database.C
ursor.execute(self, 
query, params)
django.db.utils.Integ
rityError: NOT NULL 
constraint failed: ma
sters_item.organizati
on_id

=====================
=====================
=====================
=======
ERROR: 
test_ledger_crud (mas
ters.tests.MastersTes
ts)
---------------------
---------------------
---------------------
-------
Traceback (most 
recent call last):
  File "D:\Projects\P
ersonal\accounting_ba
ckend\venv\lib\site-p
ackages\django\db\bac
kends\utils.py", 
line 84, in _execute
    return self.curso
r.execute(sql, 
params)
  File "D:\Projects\P
ersonal\accounting_ba
ckend\venv\lib\site-p
ackages\django\db\bac
kends\sqlite3\base.py
", line 423, in 
execute
    return Database.C
ursor.execute(self, 
query, params)
sqlite3.IntegrityErro
r: NOT NULL 
constraint failed: ma
sters_ledger.organiza
tion_id

The above exception 
was the direct cause 
of the following 
exception:

Traceback (most 
recent call last):
  File "D:\Projects\P
ersonal\accounting_ba
ckend\masters\tests.p
y", line 33, in 
test_ledger_crud
    response = self.c
lient.post('/api/v1/m
asters/ledgers/', 
payload)
  File "D:\Projects\P
ersonal\accounting_ba
ckend\venv\lib\site-p
ackages\rest_framewor
k\test.py", line 
297, in post
    path, data=data, 
format=format, conten
t_type=content_type, 
**extra)
  File "D:\Projects\P
ersonal\accounting_ba
ckend\venv\lib\site-p
ackages\rest_framewor
k\test.py", line 
210, in post
    return 
self.generic('POST', 
path, data, 
content_type, 
**extra)
  File "D:\Projects\P
ersonal\accounting_ba
ckend\venv\lib\site-p
ackages\rest_framewor
k\test.py", line 
235, in generic
    method, path, 
data, content_type, 
secure, **extra)
  File "D:\Projects\P
ersonal\accounting_ba
ckend\venv\lib\site-p
ackages\django\test\c
lient.py", line 473, 
in generic
    return 
self.request(**r)
  File "D:\Projects\P
ersonal\accounting_ba
ckend\venv\lib\site-p
ackages\rest_framewor
k\test.py", line 
286, in request
    return super().re
quest(**kwargs)
  File "D:\Projects\P
ersonal\accounting_ba
ckend\venv\lib\site-p
ackages\rest_framewor
k\test.py", line 
238, in request
    request = super()
.request(**kwargs)
  File "D:\Projects\P
ersonal\accounting_ba
ckend\venv\lib\site-p
ackages\django\test\c
lient.py", line 719, 
in request
    self.check_except
ion(response)
  File "D:\Projects\P
ersonal\accounting_ba
ckend\venv\lib\site-p
ackages\django\test\c
lient.py", line 580, 
in check_exception
    raise exc_value
  File "D:\Projects\P
ersonal\accounting_ba
ckend\venv\lib\site-p
ackages\django\core\h
andlers\exception.py"
, line 47, in inner
    response = 
get_response(request)
  File "D:\Projects\P
ersonal\accounting_ba
ckend\venv\lib\site-p
ackages\django\core\h
andlers\base.py", 
line 181, in 
_get_response
    response = wrappe
d_callback(request, 
*callback_args, 
**callback_kwargs)
  File "D:\Projects\P
ersonal\accounting_ba
ckend\venv\lib\site-p
ackages\django\views\
decorators\csrf.py", 
line 54, in 
wrapped_view
    return 
view_func(*args, 
**kwargs)
  File "D:\Projects\P
ersonal\accounting_ba
ckend\venv\lib\site-p
ackages\rest_framewor
k\viewsets.py", line 
124, in view
    return self.dispa
tch(request, *args, 
**kwargs)
  File "D:\Projects\P
ersonal\accounting_ba
ckend\venv\lib\site-p
ackages\rest_framewor
k\views.py", line 
509, in dispatch
    response = self.h
andle_exception(exc)
  File "D:\Projects\P
ersonal\accounting_ba
ckend\venv\lib\site-p
ackages\rest_framewor
k\views.py", line 
469, in 
handle_exception
    self.raise_uncaug
ht_exception(exc)
  File "D:\Projects\P
ersonal\accounting_ba
ckend\venv\lib\site-p
ackages\rest_framewor
k\views.py", line 
480, in raise_uncaugh
t_exception
    raise exc
  File "D:\Projects\P
ersonal\accounting_ba
ckend\venv\lib\site-p
ackages\rest_framewor
k\views.py", line 
506, in dispatch
    response = 
handler(request, 
*args, **kwargs)
  File "D:\Projects\P
ersonal\accounting_ba
ckend\venv\lib\site-p
ackages\rest_framewor
k\mixins.py", line 
19, in create
    self.perform_crea
te(serializer)
  File "D:\Projects\P
ersonal\accounting_ba
ckend\masters\api\v1\
views.py", line 24, 
in perform_create
    
serializer.save() # 
Serializer 
validation handles 
checking if user 
belongs to org
  File "D:\Projects\P
ersonal\accounting_ba
ckend\venv\lib\site-p
ackages\rest_framewor
k\serializers.py", 
line 208, in save
    self.instance = s
elf.create(validated_
data)
  File "D:\Projects\P
ersonal\accounting_ba
ckend\venv\lib\site-p
ackages\rest_framewor
k\serializers.py", 
line 989, in create
    instance = ModelC
lass._default_manager
.create(**validated_d
ata)
  File "D:\Projects\P
ersonal\accounting_ba
ckend\venv\lib\site-p
ackages\django\db\mod
els\manager.py", 
line 85, in 
manager_method
    return getattr(se
lf.get_queryset(), 
name)(*args, 
**kwargs)
  File "D:\Projects\P
ersonal\accounting_ba
ckend\venv\lib\site-p
ackages\django\db\mod
els\query.py", line 
453, in create
    obj.save(force_in
sert=True, 
using=self.db)
  File "D:\Projects\P
ersonal\accounting_ba
ckend\venv\lib\site-p
ackages\django\db\mod
els\base.py", line 
740, in save
    force_update=forc
e_update, update_fiel
ds=update_fields)
  File "D:\Projects\P
ersonal\accounting_ba
ckend\venv\lib\site-p
ackages\django\db\mod
els\base.py", line 
778, in save_base
    force_update, 
using, update_fields,
  File "D:\Projects\P
ersonal\accounting_ba
ckend\venv\lib\site-p
ackages\django\db\mod
els\base.py", line 
881, in _save_table
    results = self._d
o_insert(cls._base_ma
nager, using, 
fields, 
returning_fields, 
raw)
  File "D:\Projects\P
ersonal\accounting_ba
ckend\venv\lib\site-p
ackages\django\db\mod
els\base.py", line 
921, in _do_insert
    using=using, 
raw=raw,
  File "D:\Projects\P
ersonal\accounting_ba
ckend\venv\lib\site-p
ackages\django\db\mod
els\manager.py", 
line 85, in 
manager_method
    return getattr(se
lf.get_queryset(), 
name)(*args, 
**kwargs)
  File "D:\Projects\P
ersonal\accounting_ba
ckend\venv\lib\site-p
ackages\django\db\mod
els\query.py", line 
1270, in _insert
    return query.get_
compiler(using=using)
.execute_sql(returnin
g_fields)
  File "D:\Projects\P
ersonal\accounting_ba
ckend\venv\lib\site-p
ackages\django\db\mod
els\sql\compiler.py",
 line 1416, in 
execute_sql
    
cursor.execute(sql, 
params)
  File "D:\Projects\P
ersonal\accounting_ba
ckend\venv\lib\site-p
ackages\django\db\bac
kends\utils.py", 
line 66, in execute
    return self._exec
ute_with_wrappers(sql
, params, 
many=False, executor=
self._execute)
  File "D:\Projects\P
ersonal\accounting_ba
ckend\venv\lib\site-p
ackages\django\db\bac
kends\utils.py", 
line 75, in _execute_
with_wrappers
    return 
executor(sql, 
params, many, 
context)
  File "D:\Projects\P
ersonal\accounting_ba
ckend\venv\lib\site-p
ackages\django\db\bac
kends\utils.py", 
line 84, in _execute
    return self.curso
r.execute(sql, 
params)
  File "D:\Projects\P
ersonal\accounting_ba
ckend\venv\lib\site-p
ackages\django\db\uti
ls.py", line 90, in 
__exit__
    raise dj_exc_valu
e.with_traceback(trac
eback) from exc_value
  File "D:\Projects\P
ersonal\accounting_ba
ckend\venv\lib\site-p
ackages\django\db\bac
kends\utils.py", 
line 84, in _execute
    return self.curso
r.execute(sql, 
params)
  File "D:\Projects\P
ersonal\accounting_ba
ckend\venv\lib\site-p
ackages\django\db\bac
kends\sqlite3\base.py
", line 423, in 
execute
    return Database.C
ursor.execute(self, 
query, params)
django.db.utils.Integ
rityError: NOT NULL 
constraint failed: ma
sters_ledger.organiza
tion_id

=====================
=====================
=====================
=======
ERROR: 
test_warehouse_crud (
masters.tests.Masters
Tests)
---------------------
---------------------
---------------------
-------
Traceback (most 
recent call last):
  File "D:\Projects\P
ersonal\accounting_ba
ckend\venv\lib\site-p
ackages\django\db\bac
kends\utils.py", 
line 84, in _execute
    return self.curso
r.execute(sql, 
params)
  File "D:\Projects\P
ersonal\accounting_ba
ckend\venv\lib\site-p
ackages\django\db\bac
kends\sqlite3\base.py
", line 423, in 
execute
    return Database.C
ursor.execute(self, 
query, params)
sqlite3.IntegrityErro
r: NOT NULL 
constraint failed: ma
sters_warehouse.organ
ization_id

The above exception 
was the direct cause 
of the following 
exception:

Traceback (most 
recent call last):
  File "D:\Projects\P
ersonal\accounting_ba
ckend\masters\tests.p
y", line 43, in 
test_warehouse_crud
    response = self.c
lient.post('/api/v1/m
asters/warehouses/', 
payload)
  File "D:\Projects\P
ersonal\accounting_ba
ckend\venv\lib\site-p
ackages\rest_framewor
k\test.py", line 
297, in post
    path, data=data, 
format=format, conten
t_type=content_type, 
**extra)
  File "D:\Projects\P
ersonal\accounting_ba
ckend\venv\lib\site-p
ackages\rest_framewor
k\test.py", line 
210, in post
    return 
self.generic('POST', 
path, data, 
content_type, 
**extra)
  File "D:\Projects\P
ersonal\accounting_ba
ckend\venv\lib\site-p
ackages\rest_framewor
k\test.py", line 
235, in generic
    method, path, 
data, content_type, 
secure, **extra)
  File "D:\Projects\P
ersonal\accounting_ba
ckend\venv\lib\site-p
ackages\django\test\c
lient.py", line 473, 
in generic
    return 
self.request(**r)
  File "D:\Projects\P
ersonal\accounting_ba
ckend\venv\lib\site-p
ackages\rest_framewor
k\test.py", line 
286, in request
    return super().re
quest(**kwargs)
  File "D:\Projects\P
ersonal\accounting_ba
ckend\venv\lib\site-p
ackages\rest_framewor
k\test.py", line 
238, in request
    request = super()
.request(**kwargs)
  File "D:\Projects\P
ersonal\accounting_ba
ckend\venv\lib\site-p
ackages\django\test\c
lient.py", line 719, 
in request
    self.check_except
ion(response)
  File "D:\Projects\P
ersonal\accounting_ba
ckend\venv\lib\site-p
ackages\django\test\c
lient.py", line 580, 
in check_exception
    raise exc_value
  File "D:\Projects\P
ersonal\accounting_ba
ckend\venv\lib\site-p
ackages\django\core\h
andlers\exception.py"
, line 47, in inner
    response = 
get_response(request)
  File "D:\Projects\P
ersonal\accounting_ba
ckend\venv\lib\site-p
ackages\django\core\h
andlers\base.py", 
line 181, in 
_get_response
    response = wrappe
d_callback(request, 
*callback_args, 
**callback_kwargs)
  File "D:\Projects\P
ersonal\accounting_ba
ckend\venv\lib\site-p
ackages\django\views\
decorators\csrf.py", 
line 54, in 
wrapped_view
    return 
view_func(*args, 
**kwargs)
  File "D:\Projects\P
ersonal\accounting_ba
ckend\venv\lib\site-p
ackages\rest_framewor
k\viewsets.py", line 
124, in view
    return self.dispa
tch(request, *args, 
**kwargs)
  File "D:\Projects\P
ersonal\accounting_ba
ckend\venv\lib\site-p
ackages\rest_framewor
k\views.py", line 
509, in dispatch
    response = self.h
andle_exception(exc)
  File "D:\Projects\P
ersonal\accounting_ba
ckend\venv\lib\site-p
ackages\rest_framewor
k\views.py", line 
469, in 
handle_exception
    self.raise_uncaug
ht_exception(exc)
  File "D:\Projects\P
ersonal\accounting_ba
ckend\venv\lib\site-p
ackages\rest_framewor
k\views.py", line 
480, in raise_uncaugh
t_exception
    raise exc
  File "D:\Projects\P
ersonal\accounting_ba
ckend\venv\lib\site-p
ackages\rest_framewor
k\views.py", line 
506, in dispatch
    response = 
handler(request, 
*args, **kwargs)
  File "D:\Projects\P
ersonal\accounting_ba
ckend\venv\lib\site-p
ackages\rest_framewor
k\mixins.py", line 
19, in create
    self.perform_crea
te(serializer)
  File "D:\Projects\P
ersonal\accounting_ba
ckend\masters\api\v1\
views.py", line 24, 
in perform_create
    
serializer.save() # 
Serializer 
validation handles 
checking if user 
belongs to org
  File "D:\Projects\P
ersonal\accounting_ba
ckend\venv\lib\site-p
ackages\rest_framewor
k\serializers.py", 
line 208, in save
    self.instance = s
elf.create(validated_
data)
  File "D:\Projects\P
ersonal\accounting_ba
ckend\venv\lib\site-p
ackages\rest_framewor
k\serializers.py", 
line 989, in create
    instance = ModelC
lass._default_manager
.create(**validated_d
ata)
  File "D:\Projects\P
ersonal\accounting_ba
ckend\venv\lib\site-p
ackages\django\db\mod
els\manager.py", 
line 85, in 
manager_method
    return getattr(se
lf.get_queryset(), 
name)(*args, 
**kwargs)
  File "D:\Projects\P
ersonal\accounting_ba
ckend\venv\lib\site-p
ackages\django\db\mod
els\query.py", line 
453, in create
    obj.save(force_in
sert=True, 
using=self.db)
  File "D:\Projects\P
ersonal\accounting_ba
ckend\venv\lib\site-p
ackages\django\db\mod
els\base.py", line 
740, in save
    force_update=forc
e_update, update_fiel
ds=update_fields)
  File "D:\Projects\P
ersonal\accounting_ba
ckend\venv\lib\site-p
ackages\django\db\mod
els\base.py", line 
778, in save_base
    force_update, 
using, update_fields,
  File "D:\Projects\P
ersonal\accounting_ba
ckend\venv\lib\site-p
ackages\django\db\mod
els\base.py", line 
881, in _save_table
    results = self._d
o_insert(cls._base_ma
nager, using, 
fields, 
returning_fields, 
raw)
  File "D:\Projects\P
ersonal\accounting_ba
ckend\venv\lib\site-p
ackages\django\db\mod
els\base.py", line 
921, in _do_insert
    using=using, 
raw=raw,
  File "D:\Projects\P
ersonal\accounting_ba
ckend\venv\lib\site-p
ackages\django\db\mod
els\manager.py", 
line 85, in 
manager_method
    return getattr(se
lf.get_queryset(), 
name)(*args, 
**kwargs)
  File "D:\Projects\P
ersonal\accounting_ba
ckend\venv\lib\site-p
ackages\django\db\mod
els\query.py", line 
1270, in _insert
    return query.get_
compiler(using=using)
.execute_sql(returnin
g_fields)
  File "D:\Projects\P
ersonal\accounting_ba
ckend\venv\lib\site-p
ackages\django\db\mod
els\sql\compiler.py",
 line 1416, in 
execute_sql
    
cursor.execute(sql, 
params)
  File "D:\Projects\P
ersonal\accounting_ba
ckend\venv\lib\site-p
ackages\django\db\bac
kends\utils.py", 
line 66, in execute
    return self._exec
ute_with_wrappers(sql
, params, 
many=False, executor=
self._execute)
  File "D:\Projects\P
ersonal\accounting_ba
ckend\venv\lib\site-p
ackages\django\db\bac
kends\utils.py", 
line 75, in _execute_
with_wrappers
    return 
executor(sql, 
params, many, 
context)
  File "D:\Projects\P
ersonal\accounting_ba
ckend\venv\lib\site-p
ackages\django\db\bac
kends\utils.py", 
line 84, in _execute
    return self.curso
r.execute(sql, 
params)
  File "D:\Projects\P
ersonal\accounting_ba
ckend\venv\lib\site-p
ackages\django\db\uti
ls.py", line 90, in 
__exit__
    raise dj_exc_valu
e.with_traceback(trac
eback) from exc_value
  File "D:\Projects\P
ersonal\accounting_ba
ckend\venv\lib\site-p
ackages\django\db\bac
kends\utils.py", 
line 84, in _execute
    return self.curso
r.execute(sql, 
params)
  File "D:\Projects\P
ersonal\accounting_ba
ckend\venv\lib\site-p
ackages\django\db\bac
kends\sqlite3\base.py
", line 423, in 
execute
    return Database.C
ursor.execute(self, 
query, params)
django.db.utils.Integ
rityError: NOT NULL 
constraint failed: ma
sters_warehouse.organ
ization_id

---------------------
---------------------
---------------------
-------
Ran 9 tests in 1.956s

FAILED (errors=4)
Destroying test 
database for alias 
'default'...

